--------------------------------------------------------------------------------------
Timing Analyzer Summary
--------------------------------------------------------------------------------------

Type           : Worst-case tsu
Slack          : N/A
Required Time  : None
Actual Time    : 5.148 ns
From           : KEY3_ACLR
To             : LCD_Display:inst1|CLK_COUNT_400HZ[0]
From Clock     : --
To Clock       : CLK_48Mhz
Failed Paths   : 0

Type           : Worst-case tco
Slack          : N/A
Required Time  : None
Actual Time    : 14.844 ns
From           : LCD_Display:inst1|DATA_BUS_VALUE[4]
To             : DATA_BUS[4]
From Clock     : CLK_48Mhz
To Clock       : --
Failed Paths   : 0

Type           : Worst-case th
Slack          : N/A
Required Time  : None
Actual Time    : 3.335 ns
From           : SW0_PULSE
To             : debounce:inst3|SHIFT_PB[3]
From Clock     : --
To Clock       : CLK_48Mhz
Failed Paths   : 0

Type           : Clock Setup: 'CLK_48Mhz'
Slack          : N/A
Required Time  : None
Actual Time    : 208.38 MHz ( period = 4.799 ns )
From           : clk_div:inst|clock_100Khz_int
To             : clk_div:inst|clock_100Khz_reg
From Clock     : CLK_48Mhz
To Clock       : CLK_48Mhz
Failed Paths   : 0

Type           : Total number of failed paths
Slack          : 
Required Time  : 
Actual Time    : 
From           : 
To             : 
From Clock     : 
To Clock       : 
Failed Paths   : 0

--------------------------------------------------------------------------------------

